../Core/Src/main.c:71:5:main	104	static
../Core/Src/main.c:153:6:SystemClock_Config	72	static
../Core/Src/main.c:190:13:MX_GPIO_Init	32	static
../Core/Src/main.c:224:6:StartDefaultTask	16	static
../Core/Src/main.c:242:6:green_led	16	static
../Core/Src/main.c:273:6:red_led	16	static
../Core/Src/main.c:296:6:accessSharedData	8	static
../Core/Src/main.c:316:6:SimulateReadWriteOperation	16	static,ignoring_inline_asm
../Core/Src/main.c:334:6:HAL_TIM_PeriodElapsedCallback	16	static
../Core/Src/main.c:351:6:Error_Handler	4	static,ignoring_inline_asm
